// Jest Snapshot v1, https://goo.gl/fbAQLP

exports[`api.ts loadImages should load and return a batch of images 1`] = `
Array [
  Object {
    "assignedCategories": undefined,
    "file": "https://picsum.photos/400/400/?random&key=0-0",
    "proposedCategories": undefined,
    "starredCategory": undefined,
  },
  Object {
    "assignedCategories": undefined,
    "file": "https://picsum.photos/400/400/?random&key=0-1",
    "proposedCategories": undefined,
    "starredCategory": undefined,
  },
  Object {
    "assignedCategories": undefined,
    "file": "https://picsum.photos/400/400/?random&key=0-2",
    "proposedCategories": undefined,
    "starredCategory": undefined,
  },
  Object {
    "assignedCategories": undefined,
    "file": "https://picsum.photos/400/400/?random&key=0-3",
    "proposedCategories": undefined,
    "starredCategory": undefined,
  },
  Object {
    "assignedCategories": undefined,
    "file": "https://picsum.photos/400/400/?random&key=0-4",
    "proposedCategories": undefined,
    "starredCategory": undefined,
  },
  Object {
    "assignedCategories": undefined,
    "file": "https://picsum.photos/400/400/?random&key=0-5",
    "proposedCategories": undefined,
    "starredCategory": undefined,
  },
  Object {
    "assignedCategories": undefined,
    "file": "https://picsum.photos/400/400/?random&key=0-6",
    "proposedCategories": undefined,
    "starredCategory": undefined,
  },
  Object {
    "assignedCategories": undefined,
    "file": "https://picsum.photos/400/400/?random&key=0-7",
    "proposedCategories": undefined,
    "starredCategory": undefined,
  },
  Object {
    "assignedCategories": undefined,
    "file": "https://picsum.photos/400/400/?random&key=0-8",
    "proposedCategories": undefined,
    "starredCategory": undefined,
  },
  Object {
    "assignedCategories": undefined,
    "file": "https://picsum.photos/400/400/?random&key=0-9",
    "proposedCategories": undefined,
    "starredCategory": undefined,
  },
  Object {
    "assignedCategories": undefined,
    "file": "https://picsum.photos/400/400/?random&key=0-10",
    "proposedCategories": undefined,
    "starredCategory": undefined,
  },
  Object {
    "assignedCategories": undefined,
    "file": "https://picsum.photos/400/400/?random&key=0-11",
    "proposedCategories": undefined,
    "starredCategory": undefined,
  },
  Object {
    "assignedCategories": undefined,
    "file": "https://picsum.photos/400/400/?random&key=0-12",
    "proposedCategories": undefined,
    "starredCategory": undefined,
  },
  Object {
    "assignedCategories": undefined,
    "file": "https://picsum.photos/400/400/?random&key=0-13",
    "proposedCategories": undefined,
    "starredCategory": undefined,
  },
  Object {
    "assignedCategories": undefined,
    "file": "https://picsum.photos/400/400/?random&key=0-14",
    "proposedCategories": undefined,
    "starredCategory": undefined,
  },
  Object {
    "assignedCategories": undefined,
    "file": "https://picsum.photos/400/400/?random&key=0-15",
    "proposedCategories": undefined,
    "starredCategory": undefined,
  },
  Object {
    "assignedCategories": undefined,
    "file": "https://picsum.photos/400/400/?random&key=0-16",
    "proposedCategories": undefined,
    "starredCategory": undefined,
  },
  Object {
    "assignedCategories": undefined,
    "file": "https://picsum.photos/400/400/?random&key=0-17",
    "proposedCategories": undefined,
    "starredCategory": undefined,
  },
  Object {
    "assignedCategories": undefined,
    "file": "https://picsum.photos/400/400/?random&key=0-18",
    "proposedCategories": undefined,
    "starredCategory": undefined,
  },
  Object {
    "assignedCategories": undefined,
    "file": "https://picsum.photos/400/400/?random&key=0-19",
    "proposedCategories": undefined,
    "starredCategory": undefined,
  },
  Object {
    "assignedCategories": undefined,
    "file": "https://picsum.photos/400/400/?random&key=0-20",
    "proposedCategories": undefined,
    "starredCategory": undefined,
  },
  Object {
    "assignedCategories": undefined,
    "file": "https://picsum.photos/400/400/?random&key=0-21",
    "proposedCategories": undefined,
    "starredCategory": undefined,
  },
  Object {
    "assignedCategories": undefined,
    "file": "https://picsum.photos/400/400/?random&key=0-22",
    "proposedCategories": undefined,
    "starredCategory": undefined,
  },
  Object {
    "assignedCategories": undefined,
    "file": "https://picsum.photos/400/400/?random&key=0-23",
    "proposedCategories": undefined,
    "starredCategory": undefined,
  },
  Object {
    "assignedCategories": undefined,
    "file": "https://picsum.photos/400/400/?random&key=0-24",
    "proposedCategories": undefined,
    "starredCategory": undefined,
  },
  Object {
    "assignedCategories": undefined,
    "file": "https://picsum.photos/400/400/?random&key=0-25",
    "proposedCategories": undefined,
    "starredCategory": undefined,
  },
  Object {
    "assignedCategories": undefined,
    "file": "https://picsum.photos/400/400/?random&key=0-26",
    "proposedCategories": undefined,
    "starredCategory": undefined,
  },
  Object {
    "assignedCategories": undefined,
    "file": "https://picsum.photos/400/400/?random&key=0-27",
    "proposedCategories": undefined,
    "starredCategory": undefined,
  },
  Object {
    "assignedCategories": undefined,
    "file": "https://picsum.photos/400/400/?random&key=0-28",
    "proposedCategories": undefined,
    "starredCategory": undefined,
  },
  Object {
    "assignedCategories": undefined,
    "file": "https://picsum.photos/400/400/?random&key=0-29",
    "proposedCategories": undefined,
    "starredCategory": undefined,
  },
]
`;
