// Jest Snapshot v1, https://goo.gl/fbAQLP

exports[`filter mutation set should set new options 1`] = `
Object {
  "categories": Array [
    Object {
      "description": "Category 1 Description",
      "id": "cat1",
      "name": "Category 1",
    },
  ],
  "categorization": 1,
  "mode": 1,
  "status": 1,
}
`;
